// Jest Snapshot v1, https://goo.gl/fbAQLP

exports[`homecardTest matches the snapshot 1`] = `[Function]`;

exports[`mapContainerTest matches the snapshot 1`] = `[Function]`;

exports[`navbarTest matches the snapshot 1`] = `[Function]`;

exports[`publicationTest matches the snapshot 1`] = `[Function]`;

exports[`toastTest matches the snapshot 1`] = `[Function]`;
